# OutputFormatter full_document snapshot
# Generated from test_output_formatter.py::test_full_document_snapshot
# Sample pipeline with 3 models, 3 stages

ðŸŒŸ ULTRA SYNTHESISâ„¢ RESULTS ðŸŒŸ

================================================================================

ðŸ“Š ULTRA SYNTHESIS

------------------------------------------------------------

## Key Benefits

â€¢ Environmental Impact
â€¢ Economic Advantages

## **Conclusion**

Renewable energy is essential.


ðŸ’¡ Synthesized by: gpt-4o

================================================================================

ðŸŽ¯ INITIAL RESPONSES (3 models)

------------------------------------------------------------

### gpt-4o
Renewable energy offers multiple benefits including reduced carbon emissions.

### claude-3-5-sonnet-20241022
The advantages of renewable energy span environmental protection.

### gemini-1.5-pro
Key benefits include clean energy production and job creation.


================================================================================

ðŸ“ˆ PIPELINE SUMMARY

------------------------------------------------------------

âœ… Stages Completed: initial_response, peer_review_and_revision, ultra_synthesis
ðŸ¤– Models Used: claude-3-5-sonnet-20241022, gemini-1.5-pro, gpt-4o
ðŸ“Š Total Stages: 3